// Vitest Snapshot v1, https://vitest.dev/guide/snapshot.html

exports[`stonetop id snapshots > insert ids and their playbook attachments are stable 1`] = `
{
  "insert-animal-companion": "the-ranger",
  "insert-crew": "the-marshal",
  "insert-followers": "all",
  "insert-ghost": "all",
  "insert-initiates-of-danu": "the-blessed",
  "insert-inventory": "all",
  "insert-invocations": "the-lightbearer",
  "insert-revenant": "all",
  "insert-thrall": "all",
}
`;

exports[`stonetop id snapshots > playbook ids and their choice/move ids are stable 1`] = `
{
  "the-blessed": {
    "backgrounds": [
      "initiate",
      "raised-by-wolves",
      "vessel",
    ],
    "extras": [
      "sacred-pouch",
      "earth-mother",
    ],
    "instincts": [
      "delight",
      "detachment",
      "nurture",
      "preservation",
      "reverence",
      "custom",
    ],
    "moves": [
      "amulets-talismans",
      "barkskin",
      "big-magic",
      "danus-grasp",
      "healers-arts",
      "heed-my-words",
      "improved-stat",
      "into-the-lions-den",
      "lightning-rod",
      "rites-of-the-land",
      "spirit-tongue",
      "borrow-power",
      "call-the-spirits",
      "trackless-step",
      "veil",
      "wards-bindings",
      "wild-soul",
      "natures-wrath",
      "potent-workings",
      "shared-souls",
      "suck-the-poison-out",
      "superior-stat",
      "voice-of-the-earth-mother",
    ],
  },
  "the-fox": {
    "backgrounds": [
      "the-natural",
      "a-life-of-crime",
      "the-prodigal-returned",
    ],
    "extras": [
      "tall-tales",
    ],
    "instincts": [
      "conscience",
      "freedom",
      "comfort",
      "prestige",
      "trickery",
      "custom",
    ],
    "moves": [
      "all-in-the-wrist",
      "ambush",
      "burgle",
      "catlike",
      "dabbler",
      "danger-sense",
      "free-running",
      "improved-stat",
      "irresistible",
      "laugh-at-danger",
      "light-fingers",
      "perceptive",
      "rapier-wit",
      "skill-at-arms",
      "parry-riposte",
      "silver-tongued",
      "under-your-skin",
      "battle-dancer",
      "cheap-shot",
      "eye-on-the-door",
      "pants-on-fire",
      "second-intent",
      "slippery",
      "superior-stat",
    ],
  },
  "the-heavy": {
    "backgrounds": [
      "sheriff",
      "blood-soaked-past",
      "storm-marked",
    ],
    "extras": [
      "history-of-violence",
    ],
    "instincts": [
      "peace",
      "pride",
      "recklessness",
      "trouble",
      "violence",
      "custom",
    ],
    "moves": [
      "armored",
      "battle-joy",
      "berserker",
      "carved-out-of-wood",
      "dangerous",
      "formidable",
      "frosty",
      "guardian",
      "improved-stat",
      "intimidating",
      "hard-to-kill",
      "unstoppable",
      "musclebound",
      "payback",
      "relentless",
      "seasoned-warrior",
      "situational-awareness",
      "uncanny-reflexes",
      "unfettered",
      "terror-on-the-field",
      "bringer-of-ruin",
      "cut-from-granite",
      "mighty-thews",
      "nemesis",
      "steadfast-guardian",
      "stone-cold",
      "superior-stat",
    ],
  },
  "the-judge": {
    "backgrounds": [
      "legacy",
      "missionary",
      "prophet",
    ],
    "extras": [
      "the-chronicle",
      "the-lawkeeper",
    ],
    "instincts": [
      "ambition",
      "dispassion",
      "harmony",
      "orthodoxy",
      "zeal",
      "custom",
    ],
    "moves": [
      "aegis-of-faith",
      "armored",
      "bear-witness",
      "break-bread",
      "bulwark",
      "censure",
      "castigate",
      "chronicler-of-stonetop",
      "for-the-greater-good",
      "hound-of-aratis",
      "like-a-dog-with-a-bone",
      "improved-stat",
      "knowledge-is-power",
      "many-hands-make-light-work",
      "a-bundle-of-sticks-unbroken",
      "the-hammer-and-the-book",
      "truth-or-consequences",
      "binding-arbitration",
      "vision-unclouded",
      "well-read",
      "a-mighty-rampart",
      "armistice",
      "condemn",
      "proclamation",
      "mirrorshield",
      "superior-stat",
      "the-tower-eternal",
    ],
  },
  "the-lightbearer": {
    "backgrounds": [
      "auspicious-birth",
      "itinerant-mystic",
      "soul-on-fire",
    ],
    "extras": [
      "praise-the-day",
    ],
    "instincts": [
      "charity",
      "hope",
      "mercy",
      "praise",
      "righteousness",
      "custom",
    ],
    "moves": [
      "a-candle-against-the-dark",
      "luminous-shield",
      "all-is-illuminated",
      "and-behold-a-pale-horse",
      "consecrated-flame",
      "fire-within",
      "guiding-light",
      "heliors-unblinking-eye",
      "improved-stat",
      "invoke-the-sun-god",
      "keep-the-home-fires-burning",
      "lamplighter",
      "piety",
      "purifying-flames",
      "radiant-countenance",
      "rise-like-the-sun",
      "springs-first-thaw",
      "burn-twice-as-bright",
      "empowered-invocations",
      "glorious-servant",
      "hungry-flames",
      "light-more-light",
      "superior-stat",
      "wielder-of-the-white-flame",
    ],
  },
  "the-marshal": {
    "backgrounds": [
      "scion",
      "penitent",
      "luminary",
    ],
    "extras": [
      "war-stories",
    ],
    "instincts": [
      "authority",
      "caution",
      "drive",
      "honor",
      "ruthlessness",
      "custom",
    ],
    "moves": [
      "armored",
      "arts-of-war",
      "crew",
      "veteran-crew",
      "front-line-leader",
      "improved-stat",
      "logistics",
      "read-the-land",
      "prepare-a-welcome",
      "set-up-strike",
      "shake-it-off",
      "shield-wall",
      "sir-permission-to-die-sir",
      "speak-softly",
      "stentorian",
      "take-the-measure",
      "we-happy-few",
      "battlefield-grace",
      "heroes-to-the-last",
      "focus-fire",
      "like-an-open-book",
      "noble-mien",
      "peace-through-strength",
      "superior-stat",
    ],
  },
  "the-ranger": {
    "backgrounds": [
      "mighty-hunter",
      "wide-wanderer",
      "beast-bonded",
    ],
    "extras": [
      "something-wicked",
    ],
    "instincts": [
      "adventure",
      "independence",
      "stewardship",
      "tenacity",
      "wonder",
      "custom",
    ],
    "moves": [
      "a-safe-place",
      "animal-companion",
      "magnificent-specimen",
      "big-game-hunter",
      "blot-out-the-sun",
      "call-the-shot",
      "expert-tracker",
      "home-on-the-range",
      "improved-stat",
      "mental-map",
      "naturalist",
      "on-the-hoof",
      "pack-horse",
      "pathfinder",
      "predator",
      "sniff-out-corruption",
      "stalker",
      "survivalist",
      "warden-of-the-wild",
      "wild-speech",
      "worldly",
      "alpha",
      "beast-of-legend",
      "constant-vigilance",
      "giant-slayer",
      "superior-stat",
      "trailblazer",
      "walk-it-off",
    ],
  },
  "the-seeker": {
    "backgrounds": [
      "patriot",
      "antiquarian",
      "witch-hunter",
    ],
    "extras": [
      "collection",
    ],
    "instincts": [
      "cunning",
      "curiosity",
      "hubris",
      "mystery",
      "vision",
      "custom",
    ],
    "moves": [
      "attuned",
      "conduit-of-power",
      "countermeasures",
      "everything-bleeds",
      "everything-burns",
      "improved-stat",
      "initiate-of-the-secret-arts",
      "lets-make-a-deal",
      "logbook",
      "magpie",
      "never-at-a-loss",
      "polyglot",
      "cryptologist",
      "quick-study",
      "safety-first",
      "sage-advice",
      "well-versed",
      "work-with-what-youve-got",
      "arcane-adept",
      "deep-insight",
      "improvise",
      "superior-stat",
      "mind-over-magic",
      "overchannel",
      "proof-against-detection",
    ],
  },
  "the-would-be-hero": {
    "backgrounds": [
      "impetuous-youth",
      "driven",
      "destined",
    ],
    "extras": [
      "fear-and-anger",
    ],
    "instincts": [
      "defiance",
      "doubt",
      "earnestness",
      "optimism",
      "sacrifice",
      "custom",
    ],
    "moves": [
      "anger-is-a-gift",
      "speak-truth-to-power",
      "better-part-of-valor",
      "i-get-knocked-down",
      "but-i-get-up-again",
      "improved-stat",
      "in-over-your-head",
      "iron-will",
      "inquiring-minds",
      "never-gonna-keep-me-down",
      "potential-for-greatness",
      "resourceful",
      "something-to-remember-me-by",
      "tough-love",
      "underestimated",
      "up-with-people",
      "versatile",
      "a-force-to-be-reckoned-with",
      "big-damn-hero",
      "superior-stat",
      "undaunted",
      "voice-of-experience",
    ],
  },
}
`;

exports[`stonetop id snapshots > typed insert interiors are stable (commit 100) 1`] = `
{
  "insert-animal-companion": {
    "types": [
      "bird",
      "critter",
      "brute",
      "predator",
      "steed",
    ],
  },
  "insert-crew": {
    "rules": [
      "order-followers",
      "strengthen-your-bond",
    ],
  },
  "insert-followers": {
    "fields": [
      "name",
      "tags",
      "hp",
      "maxHp",
      "armor",
      "damage",
      "instinct",
    ],
  },
  "insert-ghost": {
    "consequences": [
      "bodysnatcher",
      "breakdown",
      "unstable",
      "disturbing",
      "otherworldly",
      "poltergeist",
      "quarry",
      "specter",
    ],
    "moves": [
      "unliving",
      "disembodied",
      "tethered",
    ],
    "terriblePurpose": [
      "longing",
      "vengeance",
      "duty",
    ],
  },
  "insert-initiates-of-danu": {
    "initiates": [
      "enfys",
      "olwin",
      "afon",
      "seren",
      "gwendyl",
    ],
  },
  "insert-invocations": {
    "invocations": [
      "bath-of-healing-light",
      "blinding-light",
      "cleansing-light",
      "cold-light-of-day",
      "dancing-light",
      "go-back-to-the-shadow",
      "hold-back-the-darkness",
      "moth-to-a-flame",
      "terrible-as-the-dawn",
      "warmth-of-the-sun",
    ],
  },
  "insert-revenant": {
    "consequences": [
      "breakdown",
      "unstable",
      "carrion-stench",
      "deathly-visage",
      "home-to-vermin",
      "nightkin",
      "quarry",
      "strange-appetites",
      "insatiable",
    ],
    "moves": [
      "unliving",
      "undying",
      "implacable",
    ],
    "terriblePurposeSameAs": "insert-ghost",
  },
  "insert-thrall": {
    "marks": [
      "a-festering-rot",
      "child-of-the-deeps",
      "death-mask",
      "quicksilver-dreams",
      "ravenous",
      "red-wrath",
      "shadows-cold-embrace",
      "speak-truth-whisper-secrets",
      "torments-blessing",
    ],
    "moves": [
      "favor",
      "urges",
      "dark-succor",
      "unholy-vessel",
    ],
  },
}
`;
